// Jest Snapshot v1, https://goo.gl/fbAQLP

exports[`ts-output renders services 1`] = `
"export interface IHelloRpcService {
  hello (ctx: any, request: HelloWorld): Promise<HelloWorld> | HelloWorld
}
export class HelloRpcClient {
  static __SERVICE__: string = 'HelloRpc'
  constructor(private bento: Bento, private transport?: IBentoTransport) {}
  async hello (request: HelloWorld): Promise<HelloWorld> {
    return this.bento.makeRequest(this.transport || undefined, 'HelloRpc', 'Hello', request)
  }
}
"
`;

exports[`ts-output renders types 1`] = `
"export type HelloWorld = {
  username?: string
  help: string
  everyone?: string[]
}
"
`;
