// Jest Snapshot v1, https://goo.gl/fbAQLP

exports[`Renderer renders a snapshot 1`] = `
"/**
 * GENERATED FILE. This file was generated by @kayteh/bento. Editing it is a bad idea.
 * @generated
 */
import Bento, { IBentoTransport } from '@kayteh/bento'
export type HelloWorld = {
  username?: string
  help: string
  everyone?: string[]
}

export interface IHelloRpcService {
  hello (ctx: any, request: HelloWorld): Promise<HelloWorld> | HelloWorld
}
export class HelloRpcClient {
  static __SERVICE__: string = 'HelloRpc'
  constructor(private bento: Bento, private transport?: IBentoTransport) {}
  async hello (request: HelloWorld): Promise<HelloWorld> {
    return this.bento.makeRequest(this.transport || undefined, 'HelloRpc', 'Hello', request)
  }
}

"
`;
